ubuntu@mtk-genio:~/Desktop/test$ python3 label_image.py --label_file labels_mobilenet_quant_v1_224.txt --image grace_hopper.jpg --model_file mobilenet_v1_1.0_224_quant.tflite -e /usr/lib/gpu_external_delegate.so
Loading external delegate from /usr/lib/gpu_external_delegate.so with args: {}
Traceback (most recent call last):
  File "/home/ubuntu/Desktop/test/label_image.py", line 69, in <module>
    tflite.load_delegate(args.ext_delegate, ext_delegate_options)
  File "/home/ubuntu/.local/lib/python3.10/site-packages/tflite_runtime/interpreter.py", line 166, in load_delegate
    delegate = Delegate(library, options)
  File "/home/ubuntu/.local/lib/python3.10/site-packages/tflite_runtime/interpreter.py", line 73, in __init__
    self._library = ctypes.pydll.LoadLibrary(library)
  File "/usr/lib/python3.10/ctypes/__init__.py", line 452, in LoadLibrary
    return self._dlltype(name)
  File "/usr/lib/python3.10/ctypes/__init__.py", line 374, in __init__
    self._handle = _dlopen(self._name, mode)
OSError: /usr/lib/gpu_external_delegate.so: cannot open shared object file: No such file or directory
Exception ignored in: <function Delegate.__del__ at 0xffff7ad1f400>
Traceback (most recent call last):
  File "/home/ubuntu/.local/lib/python3.10/site-packages/tflite_runtime/interpreter.py", line 109, in __del__
    if self._library is not None:
AttributeError: 'Delegate' object has no attribute '_library'

ubuntu@mtk-genio:/usr/lib$ find / -name gpu_external_delegate.so 2>dev/null
bash: dev/null: No such file or directory

ubuntu@mtk-genio:/$ find / -name gpu_external_delegate.so 2>/dev/null
ubuntu@mtk-genio:/$ 

ubuntu@mtk-genio:/usr/lib$ sudo apt-get install libvulkan1 vulkan-utils
Reading package lists... Done
Building dependency tree... Done
Reading state information... Done
E: Unable to locate package vulkan-utils

ubuntu@mtk-genio:/usr/lib$ sudo apt-get install libvulkan1
Reading package lists... Done
Building dependency tree... Done
Reading state information... Done
libvulkan1 is already the newest version (1.3.204.1-2).
0 upgraded, 0 newly installed, 0 to remove and 132 not upgraded.

ubuntu@mtk-genio:/usr/lib$ vulkaninfo
Segmentation fault (core dumped)

ubuntu@mtk-genio:/usr/lib$ clinfo
Number of platforms                               1
  Platform Name                                   ARM Platform
  Platform Vendor                                 ARM
  Platform Version                                OpenCL 3.0 v1.r43p0-01eac0.4fab185d140b57c464b454d9c7a41445
  Platform Profile                                FULL_PROFILE
  Platform Extensions                             cl_khr_global_int32_base_atomics cl_khr_global_int32_extended_atomics cl_khr_local_int32_base_atomics cl_khr_local_int32_extended_atomics cl_khr_byte_addressable_store cl_khr_3d_image_writes cl_khr_int64_base_atomics cl_khr_int64_extended_atomics cl_khr_fp16 cl_khr_icd cl_khr_egl_image cl_khr_image2d_from_buffer cl_khr_depth_images cl_khr_subgroups cl_khr_subgroup_extended_types cl_khr_subgroup_non_uniform_vote cl_khr_subgroup_ballot cl_khr_subgroup_non_uniform_arithmetic cl_khr_subgroup_shuffle cl_khr_subgroup_shuffle_relative cl_khr_subgroup_clustered_reduce cl_khr_subgroup_rotate cl_khr_il_program cl_khr_priority_hints cl_khr_create_command_queue cl_khr_spirv_no_integer_wrap_decoration cl_khr_extended_versioning cl_khr_device_uuid cl_khr_suggested_local_work_size cl_khr_extended_bit_ops cl_khr_integer_dot_product cl_khr_semaphore cl_khr_external_semaphore cl_khr_external_semaphore_sync_fd cl_khr_external_memory cl_khr_external_memory_dmabuf cl_khr_command_buffer cl_arm_core_id cl_arm_printf cl_arm_non_uniform_work_group_size cl_arm_import_memory cl_arm_import_memory_dma_buf cl_arm_import_memory_host cl_arm_integer_dot_product_int8 cl_arm_integer_dot_product_accumulate_int8 cl_arm_integer_dot_product_accumulate_saturate_int8 cl_arm_job_slot_selection cl_arm_scheduling_controls cl_arm_controlled_kernel_termination cl_ext_cxx_for_opencl cl_ext_image_tiling_control cl_ext_image_requirements_info cl_ext_image_from_buffer cl_ext_yuv_images
  Platform Extensions with Version                cl_khr_global_int32_base_atomics                                 0x400000 (1.0.0)
                                                  cl_khr_global_int32_extended_atomics                             0x400000 (1.0.0)
                                                  cl_khr_local_int32_base_atomics                                  0x400000 (1.0.0)
                                                  cl_khr_local_int32_extended_atomics                              0x400000 (1.0.0)
                                                  cl_khr_byte_addressable_store                                    0x400000 (1.0.0)
                                                  cl_khr_3d_image_writes                                           0x400000 (1.0.0)
                                                  cl_khr_int64_base_atomics                                        0x400000 (1.0.0)
                                                  cl_khr_int64_extended_atomics                                    0x400000 (1.0.0)
                                                  cl_khr_fp16                                                      0x400000 (1.0.0)
                                                  cl_khr_icd                                                       0x400000 (1.0.0)
                                                  cl_khr_egl_image                                                 0x400000 (1.0.0)
                                                  cl_khr_image2d_from_buffer                                       0x400000 (1.0.0)
                                                  cl_khr_depth_images                                              0x400000 (1.0.0)
                                                  cl_khr_subgroups                                                 0x400000 (1.0.0)
                                                  cl_khr_subgroup_extended_types                                   0x400000 (1.0.0)
                                                  cl_khr_subgroup_non_uniform_vote                                 0x400000 (1.0.0)
                                                  cl_khr_subgroup_ballot                                           0x400000 (1.0.0)
                                                  cl_khr_subgroup_non_uniform_arithmetic                           0x400000 (1.0.0)
                                                  cl_khr_subgroup_shuffle                                          0x400000 (1.0.0)
                                                  cl_khr_subgroup_shuffle_relative                                 0x400000 (1.0.0)
                                                  cl_khr_subgroup_clustered_reduce                                 0x400000 (1.0.0)
                                                  cl_khr_subgroup_rotate                                           0x400000 (1.0.0)
                                                  cl_khr_il_program                                                0x400000 (1.0.0)
                                                  cl_khr_priority_hints                                            0x400000 (1.0.0)
                                                  cl_khr_create_command_queue                                      0x400000 (1.0.0)
                                                  cl_khr_spirv_no_integer_wrap_decoration                          0x400000 (1.0.0)
                                                  cl_khr_extended_versioning                                       0x400000 (1.0.0)
                                                  cl_khr_device_uuid                                               0x400000 (1.0.0)
                                                  cl_khr_suggested_local_work_size                                 0x400000 (1.0.0)
                                                  cl_khr_extended_bit_ops                                          0x400000 (1.0.0)
                                                  cl_khr_integer_dot_product                                       0x800000 (2.0.0)
                                                  cl_khr_semaphore                                                   0x9000 (0.9.0)
                                                  cl_khr_external_semaphore                                          0x9000 (0.9.0)
                                                  cl_khr_external_semaphore_sync_fd                                  0x9000 (0.9.0)
                                                  cl_khr_external_memory                                             0x9000 (0.9.0)
                                                  cl_khr_external_memory_dmabuf                                      0x9000 (0.9.0)
                                                  cl_khr_command_buffer                                              0x9000 (0.9.0)
                                                  cl_arm_core_id                                                   0x400000 (1.0.0)
                                                  cl_arm_printf                                                    0x800000 (2.0.0)
                                                  cl_arm_non_uniform_work_group_size                               0x400000 (1.0.0)
                                                  cl_arm_import_memory                                             0x401000 (1.1.0)
                                                  cl_arm_import_memory_dma_buf                                     0x400000 (1.0.0)
                                                  cl_arm_import_memory_host                                        0x400000 (1.0.0)
                                                  cl_arm_integer_dot_product_int8                                  0x400000 (1.0.0)
                                                  cl_arm_integer_dot_product_accumulate_int8                       0x400000 (1.0.0)
                                                  cl_arm_integer_dot_product_accumulate_saturate_int8              0x400000 (1.0.0)
                                                  cl_arm_job_slot_selection                                        0x400000 (1.0.0)
                                                  cl_arm_scheduling_controls                                         0x4000 (0.4.0)
                                                  cl_arm_controlled_kernel_termination                             0x400000 (1.0.0)
                                                  cl_ext_cxx_for_opencl                                            0x400000 (1.0.0)
                                                  cl_ext_image_tiling_control                                        0x1000 (0.1.0)
                                                  cl_ext_image_requirements_info                                     0x5000 (0.5.0)
                                                  cl_ext_image_from_buffer                                         0x400000 (1.0.0)
                                                  cl_ext_yuv_images                                                  0x1000 (0.1.0)
  Platform Numeric Version                        0xc00000 (3.0.0)
  Platform Extensions function suffix             ARM
  Platform Host timer resolution                  1ns

  Platform Name                                   ARM Platform
Number of devices                                 1
  Device Name                                     Mali-G57 r0p1
  Device Vendor                                   ARM
  Device Vendor ID                                0x90910010
  Device Version                                  OpenCL 3.0 v1.r43p0-01eac0.4fab185d140b57c464b454d9c7a41445
  Device UUID                                     10009190-0100-0000-0000-000000000000
  Driver UUID                                     565e277d-b063-a949-ce26-ca619b6d6354
  Valid Device LUID                               No
  Device LUID                                     0000-000000000000
  Device Node Mask                                0
  Device Numeric Version                          0xc00000 (3.0.0)
  Driver Version                                  3.0
  Device OpenCL C Version                         OpenCL C 3.0 v1.r43p0-01eac0.4fab185d140b57c464b454d9c7a41445
  Device OpenCL C all versions                    OpenCL C                                                         0x400000 (1.0.0)
                                                  OpenCL C                                                         0x401000 (1.1.0)
                                                  OpenCL C                                                         0x402000 (1.2.0)
                                                  OpenCL C                                                         0x800000 (2.0.0)
                                                  OpenCL C                                                         0xc00000 (3.0.0)
  Device OpenCL C features                        __opencl_c_images                                                0x400000 (1.0.0)
                                                  __opencl_c_int64                                                 0x400000 (1.0.0)
                                                  __opencl_c_3d_image_writes                                       0x402000 (1.2.0)
                                                  __opencl_c_atomic_order_acq_rel                                  0x800000 (2.0.0)
                                                  __opencl_c_atomic_order_seq_cst                                  0x800000 (2.0.0)
                                                  __opencl_c_atomic_scope_device                                   0x800000 (2.0.0)
                                                  __opencl_c_atomic_scope_all_devices                              0x800000 (2.0.0)
                                                  __opencl_c_device_enqueue                                        0x800000 (2.0.0)
                                                  __opencl_c_generic_address_space                                 0x800000 (2.0.0)
                                                  __opencl_c_pipes                                                 0x800000 (2.0.0)
                                                  __opencl_c_program_scope_global_variables                        0x800000 (2.0.0)
                                                  __opencl_c_read_write_images                                     0x800000 (2.0.0)
                                                  __opencl_c_subgroups                                             0x800000 (2.0.0)
                                                  __opencl_c_work_group_collective_functions                       0x800000 (2.0.0)
                                                  __opencl_c_integer_dot_product_input_4x8bit                      0x800000 (2.0.0)
                                                  __opencl_c_integer_dot_product_input_4x8bit_packed               0x800000 (2.0.0)
  Device C++ for OpenCL Numeric Version           0x400000 (1.0.0)
  Latest comfornace test passed                   v2021-03-05-00
  Device Type                                     GPU
  Device Profile                                  FULL_PROFILE
  Device Available                                Yes
  Compiler Available                              Yes
  Linker Available                                Yes
  Max compute units                               5
  Available core IDs                              0, 2, 6, 16, 18
  Available job slots (ARM)                       1-2
  Max clock frequency                             880MHz
  Device Partition                                (core)
    Max number of sub-devices                     0
    Supported partition types                     None
    Supported affinity domains                    (n/a)
  Max work item dimensions                        3
  Max work item sizes                             512x512x512
  Max work group size                             512
  Preferred work group size multiple (device)     16
  Preferred work group size multiple (kernel)     16
  Max sub-groups per work group                   32
  Preferred / native vector sizes                 
    char                                                16 / 4       
    short                                                8 / 2       
    int                                                  4 / 1       
    long                                                 2 / 1       
    half                                                 8 / 2        (cl_khr_fp16)
    float                                                4 / 1       
    double                                               0 / 0        (n/a)
  Half-precision Floating-point support           (cl_khr_fp16)
    Denormals                                     Yes
    Infinity and NANs                             Yes
    Round to nearest                              Yes
    Round to zero                                 Yes
    Round to infinity                             Yes
    IEEE754-2008 fused multiply-add               Yes
    Support is emulated in software               No
  Single-precision Floating-point support         (core)
    Denormals                                     Yes
    Infinity and NANs                             Yes
    Round to nearest                              Yes
    Round to zero                                 Yes
    Round to infinity                             Yes
    IEEE754-2008 fused multiply-add               Yes
    Support is emulated in software               No
    Correctly-rounded divide and sqrt operations  No
  Double-precision Floating-point support         (n/a)
  Address bits                                    64, Little-Endian
  Global memory size                              8184508416 (7.622GiB)
  Error Correction support                        No
  Max memory allocation                           8184508416 (7.622GiB)
  Unified memory for Host and Device              Yes
  Shared Virtual Memory (SVM) capabilities        (core)
    Coarse-grained buffer sharing                 Yes
    Fine-grained buffer sharing                   No
    Fine-grained system sharing                   No
    Atomics                                       No
  Minimum alignment for any data type             128 bytes
  Alignment of base address                       1024 bits (128 bytes)
  Preferred alignment for atomics                 
    SVM                                           0 bytes
    Global                                        0 bytes
    Local                                         0 bytes
  Atomic memory capabilities                      relaxed, acquire/release, sequentially-consistent, work-item scope, work-group scope, device scope, all-devices scope
  Atomic fence capabilities                       relaxed, acquire/release, sequentially-consistent, work-item scope, work-group scope, device scope, all-devices scope
  Max size for global variable                    65536 (64KiB)
  Preferred total size of global vars             0
  Global Memory cache type                        Read/Write
  Global Memory cache size                        1048576 (1024KiB)
  Global Memory cache line size                   64 bytes
  Image support                                   Yes
    Max number of samplers per kernel             16
    Max size for 1D images from buffer            65536 pixels
    Max 1D or 2D image array size                 2048 images
    Base address alignment for 2D image buffers   32 bytes
    Pitch alignment for 2D image buffers          64 pixels
    Max 2D image size                             65536x65536 pixels
    Max 3D image size                             65536x65536x65536 pixels
    Max number of read image args                 128
    Max number of write image args                64
    Max number of read/write image args           64
  Pipe support                                    Yes
  Max number of pipe args                         16
  Max active pipe reservations                    1
  Max pipe packet size                            1024
  Local memory type                               Global
  Local memory size                               32768 (32KiB)
  Max number of constant args                     128
  Max constant buffer size                        8184508416 (7.622GiB)
  Generic address space support                   Yes
  Max size of kernel argument                     1024
  Queue properties (on host)                      
    Out-of-order execution                        Yes
    Profiling                                     Yes
  Device enqueue capabilities                     supported, replaceable default queue
  Queue properties (on device)                    
    Out-of-order execution                        Yes
    Profiling                                     Yes
    Preferred size                                2097152 (2MiB)
    Max size                                      16777216 (16MiB)
  Max queues on device                            1
  Max events on device                            1024
  Prefer user sync for interop                    No
  Profiling timer resolution                      1000ns
  Execution capabilities                          
    Run OpenCL kernels                            Yes
    Run native kernels                            No
    Non-uniform work-groups                       Yes
    Work-group collective functions               Yes
    Sub-group independent forward progress        Yes
    IL version                                    SPIR-V_1.0
    ILs with version                              SPIR-V                                                           0x400000 (1.0.0)
  printf() buffer size                            1048576 (1024KiB)
  Built-in kernels                                (n/a)
  Built-in kernels with version                   (n/a)
  Device Extensions                               cl_khr_global_int32_base_atomics cl_khr_global_int32_extended_atomics cl_khr_local_int32_base_atomics cl_khr_local_int32_extended_atomics cl_khr_byte_addressable_store cl_khr_3d_image_writes cl_khr_int64_base_atomics cl_khr_int64_extended_atomics cl_khr_fp16 cl_khr_icd cl_khr_egl_image cl_khr_image2d_from_buffer cl_khr_depth_images cl_khr_subgroups cl_khr_subgroup_extended_types cl_khr_subgroup_non_uniform_vote cl_khr_subgroup_ballot cl_khr_subgroup_non_uniform_arithmetic cl_khr_subgroup_shuffle cl_khr_subgroup_shuffle_relative cl_khr_subgroup_clustered_reduce cl_khr_subgroup_rotate cl_khr_il_program cl_khr_priority_hints cl_khr_create_command_queue cl_khr_spirv_no_integer_wrap_decoration cl_khr_extended_versioning cl_khr_device_uuid cl_khr_suggested_local_work_size cl_khr_extended_bit_ops cl_khr_integer_dot_product cl_khr_semaphore cl_khr_external_semaphore cl_khr_external_semaphore_sync_fd cl_khr_external_memory cl_khr_external_memory_dmabuf cl_khr_command_buffer cl_arm_core_id cl_arm_printf cl_arm_non_uniform_work_group_size cl_arm_import_memory cl_arm_import_memory_dma_buf cl_arm_import_memory_host cl_arm_integer_dot_product_int8 cl_arm_integer_dot_product_accumulate_int8 cl_arm_integer_dot_product_accumulate_saturate_int8 cl_arm_job_slot_selection cl_arm_scheduling_controls cl_arm_controlled_kernel_termination cl_ext_cxx_for_opencl cl_ext_image_tiling_control cl_ext_image_requirements_info cl_ext_image_from_buffer cl_ext_yuv_images
  Device Extensions with Version                  cl_khr_global_int32_base_atomics                                 0x400000 (1.0.0)
                                                  cl_khr_global_int32_extended_atomics                             0x400000 (1.0.0)
                                                  cl_khr_local_int32_base_atomics                                  0x400000 (1.0.0)
                                                  cl_khr_local_int32_extended_atomics                              0x400000 (1.0.0)
                                                  cl_khr_byte_addressable_store                                    0x400000 (1.0.0)
                                                  cl_khr_3d_image_writes                                           0x400000 (1.0.0)
                                                  cl_khr_int64_base_atomics                                        0x400000 (1.0.0)
                                                  cl_khr_int64_extended_atomics                                    0x400000 (1.0.0)
                                                  cl_khr_fp16                                                      0x400000 (1.0.0)
                                                  cl_khr_icd                                                       0x400000 (1.0.0)
                                                  cl_khr_egl_image                                                 0x400000 (1.0.0)
                                                  cl_khr_image2d_from_buffer                                       0x400000 (1.0.0)
                                                  cl_khr_depth_images                                              0x400000 (1.0.0)
                                                  cl_khr_subgroups                                                 0x400000 (1.0.0)
                                                  cl_khr_subgroup_extended_types                                   0x400000 (1.0.0)
                                                  cl_khr_subgroup_non_uniform_vote                                 0x400000 (1.0.0)
                                                  cl_khr_subgroup_ballot                                           0x400000 (1.0.0)
                                                  cl_khr_subgroup_non_uniform_arithmetic                           0x400000 (1.0.0)
                                                  cl_khr_subgroup_shuffle                                          0x400000 (1.0.0)
                                                  cl_khr_subgroup_shuffle_relative                                 0x400000 (1.0.0)
                                                  cl_khr_subgroup_clustered_reduce                                 0x400000 (1.0.0)
                                                  cl_khr_subgroup_rotate                                           0x400000 (1.0.0)
                                                  cl_khr_il_program                                                0x400000 (1.0.0)
                                                  cl_khr_priority_hints                                            0x400000 (1.0.0)
                                                  cl_khr_create_command_queue                                      0x400000 (1.0.0)
                                                  cl_khr_spirv_no_integer_wrap_decoration                          0x400000 (1.0.0)
                                                  cl_khr_extended_versioning                                       0x400000 (1.0.0)
                                                  cl_khr_device_uuid                                               0x400000 (1.0.0)
                                                  cl_khr_suggested_local_work_size                                 0x400000 (1.0.0)
                                                  cl_khr_extended_bit_ops                                          0x400000 (1.0.0)
                                                  cl_khr_integer_dot_product                                       0x800000 (2.0.0)
                                                  cl_khr_semaphore                                                   0x9000 (0.9.0)
                                                  cl_khr_external_semaphore                                          0x9000 (0.9.0)
                                                  cl_khr_external_semaphore_sync_fd                                  0x9000 (0.9.0)
                                                  cl_khr_external_memory                                             0x9000 (0.9.0)
                                                  cl_khr_external_memory_dmabuf                                      0x9000 (0.9.0)
                                                  cl_khr_command_buffer                                              0x9000 (0.9.0)
                                                  cl_arm_core_id                                                   0x400000 (1.0.0)
                                                  cl_arm_printf                                                    0x800000 (2.0.0)
                                                  cl_arm_non_uniform_work_group_size                               0x400000 (1.0.0)
                                                  cl_arm_import_memory                                             0x401000 (1.1.0)
                                                  cl_arm_import_memory_dma_buf                                     0x400000 (1.0.0)
                                                  cl_arm_import_memory_host                                        0x400000 (1.0.0)
                                                  cl_arm_integer_dot_product_int8                                  0x400000 (1.0.0)
                                                  cl_arm_integer_dot_product_accumulate_int8                       0x400000 (1.0.0)
                                                  cl_arm_integer_dot_product_accumulate_saturate_int8              0x400000 (1.0.0)
                                                  cl_arm_job_slot_selection                                        0x400000 (1.0.0)
                                                  cl_arm_scheduling_controls                                         0x4000 (0.4.0)
                                                  cl_arm_controlled_kernel_termination                             0x400000 (1.0.0)
                                                  cl_ext_cxx_for_opencl                                            0x400000 (1.0.0)
                                                  cl_ext_image_tiling_control                                        0x1000 (0.1.0)
                                                  cl_ext_image_requirements_info                                     0x5000 (0.5.0)
                                                  cl_ext_image_from_buffer                                         0x400000 (1.0.0)
                                                  cl_ext_yuv_images                                                  0x1000 (0.1.0)

NULL platform behavior
  clGetPlatformInfo(NULL, CL_PLATFORM_NAME, ...)  ARM Platform
  clGetDeviceIDs(NULL, CL_DEVICE_TYPE_ALL, ...)   Success [ARM]
  clCreateContext(NULL, ...) [default]            Success [ARM]
  clCreateContextFromType(NULL, CL_DEVICE_TYPE_DEFAULT)  Success (1)
    Platform Name                                 ARM Platform
    Device Name                                   Mali-G57 r0p1
  clCreateContextFromType(NULL, CL_DEVICE_TYPE_CPU)  No devices found in platform
  clCreateContextFromType(NULL, CL_DEVICE_TYPE_GPU)  Success (1)
    Platform Name                                 ARM Platform
    Device Name                                   Mali-G57 r0p1
  clCreateContextFromType(NULL, CL_DEVICE_TYPE_ACCELERATOR)  No devices found in platform
  clCreateContextFromType(NULL, CL_DEVICE_TYPE_CUSTOM)  No devices found in platform
  clCreateContextFromType(NULL, CL_DEVICE_TYPE_ALL)  Success (1)
    Platform Name                                 ARM Platform
    Device Name                                   Mali-G57 r0p1

ICD loader properties
  ICD loader Name                                 OpenCL ICD Loader
  ICD loader Vendor                               OCL Icd free software
  ICD loader Version                              2.2.14
  ICD loader Profile                              OpenCL 3.0

INSTALLING GPU DELEGATE
git clone https://github.com/tensorflow/tensorflow.git
cd tensorflow
sudo apt-get install bazel
./configure
bazel build -c opt --config=elinux_arm --config=gl //tensorflow/lite/delegates/gpu:libtensorflowlite_gpu_delegate.so
sudo cp bazel-bin/tensorflow/lite/delegates/gpu/libtensorflowlite_gpu_delegate.so /usr/lib/
python3 label_image.py --label_file labels_mobilenet_quant_v1_224.txt --image grace_hopper.jpg --model_file mobilenet_v1_1.0_224_quant.tflite -e /usr/lib/libtensorflowlite_gpu_delegate.so



